type _ Stdlib.Effect.t +=  
  | E: string Stdlib.Effect.t 
let f () = Stdlib.Effect.perform E
let g () = f
let _ =
  Ppx_effects_runtime.try_with f ()
    {
      Ppx_effects_runtime.effc =
        (let effc : type continue_input.
           continue_input Stdlib.Effect.t ->
             ((continue_input, _) Stdlib.Effect.Deep.continuation -> _)
               option
           = function | E -> Some ((fun _ -> "")) | _ -> None in
         effc)
    }
let _ =
  Ppx_effects_runtime.try_with (fun `unit -> (Fun.id f) ()) `unit
    {
      Ppx_effects_runtime.effc =
        (let effc : type continue_input.
           continue_input Stdlib.Effect.t ->
             ((continue_input, _) Stdlib.Effect.Deep.continuation -> _)
               option
           = function | E -> Some ((fun _ -> "")) | _ -> None in
         effc)
    }
let _ =
  Ppx_effects_runtime.try_with (fun `unit -> f (Fun.id ())) `unit
    {
      Ppx_effects_runtime.effc =
        (let effc : type continue_input.
           continue_input Stdlib.Effect.t ->
             ((continue_input, _) Stdlib.Effect.Deep.continuation -> _)
               option
           = function | E -> Some ((fun _ -> "")) | _ -> None in
         effc)
    }
let _ =
  Ppx_effects_runtime.try_with (fun `unit -> g () ()) `unit
    {
      Ppx_effects_runtime.effc =
        (let effc : type continue_input.
           continue_input Stdlib.Effect.t ->
             ((continue_input, _) Stdlib.Effect.Deep.continuation -> _)
               option
           = function | E -> Some ((fun _ -> "")) | _ -> None in
         effc)
    }
let _ =
  Ppx_effects_runtime.try_with (fun `unit -> let () = () in f ()) `unit
    {
      Ppx_effects_runtime.effc =
        (let effc : type continue_input.
           continue_input Stdlib.Effect.t ->
             ((continue_input, _) Stdlib.Effect.Deep.continuation -> _)
               option
           = function | E -> Some ((fun _ -> "")) | _ -> None in
         effc)
    }
